// Jest Snapshot v1, https://goo.gl/fbAQLP

exports[`stories/styles/ThreeDimensionCard Normal smoke-test 1`] = `
<div class="_container_1go3o_1"
     style="will-change: transform; transition: 400ms cubic-bezier(0.03, 0.98, 0.52, 0.99); transform: perspective(1000px) rotateX(0deg) rotateY(0deg) scale3d(1, 1, 1);"
>
  <h2>
    Gift
  </h2>
  <a href="#">
    Buy Now
  </a>
  <img src="/src/stories/assets/gift.png"
       alt
  >
  <div class="js-tilt-glare"
       style="position: absolute; top: 0px; left: 0px; width: 100%; height: 100%; overflow: hidden; pointer-events: none; border-radius: inherit;"
  >
    <div class="js-tilt-glare-inner"
         style="position: absolute; top: 50%; left: 50%; pointer-events: none; background-image: linear-gradient(0deg, rgba(255, 255, 255, 0) 0%, rgb(255, 255, 255) 100%); transform: rotate(180deg) translate(-50%, -50%); transform-origin: 0% 0%; opacity: 0; width: 800px; height: 800px; transition: opacity 400ms cubic-bezier(0.03, 0.98, 0.52, 0.99);"
    >
    </div>
  </div>
</div>
`;
