// Jest Snapshot v1, https://goo.gl/fbAQLP

exports[`stories/components/PixiSampleDemo Normal smoke-test 1`] = `
<canvas width="400"
        height="300"
        style="width: 400px; height: 300px;"
>
</canvas>
`;
